[debug] [2026-04-09T09:15:35.295Z] [Firebase Plugin] Activating Firebase extension.
[debug] [2026-04-09T09:15:37.830Z] [Firebase Plugin] requireAuthWrapper
[debug] [2026-04-09T09:15:37.831Z] > command requires scopes: ["email","openid","https://www.googleapis.com/auth/cloudplatformprojects.readonly","https://www.googleapis.com/auth/firebase","https://www.googleapis.com/auth/cloud-platform"]
[debug] [2026-04-09T09:15:37.831Z] > authorizing via signed-in user (seosan686@gmail.com)
[debug] [2026-04-09T09:15:37.832Z] Checked if tokens are valid: false, expires at: 1775577143098
[debug] [2026-04-09T09:15:37.832Z] Checked if tokens are valid: false, expires at: 1775577143098
[debug] [2026-04-09T09:15:37.832Z] > refreshing access token with scopes: []
[debug] [2026-04-09T09:15:37.833Z] >>> [apiv2][query] POST https://www.googleapis.com/oauth2/v3/token [none]
[debug] [2026-04-09T09:15:37.833Z] >>> [apiv2][body] POST https://www.googleapis.com/oauth2/v3/token [omitted]
[debug] [2026-04-09T09:15:37.836Z] [Firebase Plugin] VSCode notification server listening on port 40001
[info] [Firebase Plugin] Starting Data Connect toolkit (version 3.3.1) on port 50001
[debug] [2026-04-09T09:15:38.113Z] 'fdc build' failed with error: Unable to build your Data Connect schema and connectors (exit code 1): E0409 16:15:38.111564   70472 cmd.go:43] Error loading data connect config: could not find dataconnect.yaml in `/Volumes/MAC DATA/Study App/development/WebTinTuc/dataconnect`
 {"metadata":{"emulator":{"name":"dataconnect"},"message":"'fdc build' failed with error: Unable to build your Data Connect schema and connectors (exit code 1): E0409 16:15:38.111564   70472 cmd.go:43] Error loading data connect config: could not find dataconnect.yaml in `/Volumes/MAC DATA/Study App/development/WebTinTuc/dataconnect`\n"}}
[debug] [2026-04-09T09:15:38.113Z] Ignoring unsupported arg: auto_download {"metadata":{"emulator":{"name":"dataconnect"},"message":"Ignoring unsupported arg: auto_download"}}
[debug] [2026-04-09T09:15:38.114Z] Ignoring unsupported arg: port {"metadata":{"emulator":{"name":"dataconnect"},"message":"Ignoring unsupported arg: port"}}
[debug] [2026-04-09T09:15:38.114Z] Starting Data Connect Emulator with command {"binary":"/Users/xiaosan/.cache/firebase/emulators/dataconnect-emulator-3.3.1","args":["--logtostderr","-v=2","dev","--listen=localhost:50001","--config_dir=/Volumes/MAC DATA/Study App/development/WebTinTuc/dataconnect","--enable_output_schema_extensions=true","--enable_output_generated_sdk=true"],"optionalArgs":["listen","config_dir","enable_output_schema_extensions","enable_output_generated_sdk"],"joinArgs":true,"shell":false,"port":9399} {"metadata":{"emulator":{"name":"dataconnect"},"message":"Starting Data Connect Emulator with command {\"binary\":\"/Users/xiaosan/.cache/firebase/emulators/dataconnect-emulator-3.3.1\",\"args\":[\"--logtostderr\",\"-v=2\",\"dev\",\"--listen=localhost:50001\",\"--config_dir=/Volumes/MAC DATA/Study App/development/WebTinTuc/dataconnect\",\"--enable_output_schema_extensions=true\",\"--enable_output_generated_sdk=true\"],\"optionalArgs\":[\"listen\",\"config_dir\",\"enable_output_schema_extensions\",\"enable_output_generated_sdk\"],\"joinArgs\":true,\"shell\":false,\"port\":9399}"}}
[info] i  dataconnect: Data Connect Emulator logging to dataconnect-debug.log {"metadata":{"emulator":{"name":"dataconnect"},"message":"Data Connect Emulator logging to dataconnect-debug.log"}}
[debug] [2026-04-09T09:15:38.139Z] E0409 16:15:38.137932   70473 dev.go:83] Failed to load initial config from "/Volumes/MAC DATA/Study App/development/WebTinTuc/dataconnect": could not find dataconnect.yaml in `/Volumes/MAC DATA/Study App/development/WebTinTuc/dataconnect`
 {"metadata":{"emulator":{"name":"dataconnect"},"message":"E0409 16:15:38.137932   70473 dev.go:83] Failed to load initial config from \"/Volumes/MAC DATA/Study App/development/WebTinTuc/dataconnect\": could not find dataconnect.yaml in `/Volumes/MAC DATA/Study App/development/WebTinTuc/dataconnect`\n"}}
[debug] [2026-04-09T09:15:38.140Z] E0409 16:15:38.140075   70473 watch.go:116] watchAllDir unable to walk dir `/Volumes/MAC DATA/Study App/development/WebTinTuc/dataconnect`: lstat /Volumes/MAC DATA/Study App/development/WebTinTuc/dataconnect: no such file or directory
 {"metadata":{"emulator":{"name":"dataconnect"},"message":"E0409 16:15:38.140075   70473 watch.go:116] watchAllDir unable to walk dir `/Volumes/MAC DATA/Study App/development/WebTinTuc/dataconnect`: lstat /Volumes/MAC DATA/Study App/development/WebTinTuc/dataconnect: no such file or directory\n"}}
[debug] [2026-04-09T09:15:38.141Z] I0409 16:15:38.141424   70473 dev.go:104] Listening on address (HTTP + gRPC): 127.0.0.1:50001
 {"metadata":{"emulator":{"name":"dataconnect"},"message":"I0409 16:15:38.141424   70473 dev.go:104] Listening on address (HTTP + gRPC): 127.0.0.1:50001\n"}}
[debug] [2026-04-09T09:15:38.287Z] <<< [apiv2][status] POST https://www.googleapis.com/oauth2/v3/token 200
[debug] [2026-04-09T09:15:38.288Z] <<< [apiv2][body] POST https://www.googleapis.com/oauth2/v3/token [omitted]
[debug] [2026-04-09T09:15:38.295Z] [Firebase Plugin] User found:  seosan686@gmail.com
[info] [Firebase Plugin] (Core:Project) New user detected, fetching projects
[debug] [2026-04-09T09:15:38.295Z] Checked if tokens are valid: true, expires at: 1775729737288
[debug] [2026-04-09T09:15:38.296Z] >>> [apiv2][query] GET https://firebase.googleapis.com/v1beta1/projects pageSize=1000
[error] [Firebase Plugin] error:  {}
[debug] [2026-04-09T09:15:39.138Z] <<< [apiv2][status] GET https://firebase.googleapis.com/v1beta1/projects 200
[debug] [2026-04-09T09:15:39.138Z] <<< [apiv2][body] GET https://firebase.googleapis.com/v1beta1/projects [omitted]
[debug] [2026-04-09T09:15:48.141Z] E0409 16:15:48.141328   70473 watch.go:40] Failed to load config from "/Volumes/MAC DATA/Study App/development/WebTinTuc/dataconnect": could not find dataconnect.yaml in `/Volumes/MAC DATA/Study App/development/WebTinTuc/dataconnect`
 {"metadata":{"emulator":{"name":"dataconnect"},"message":"E0409 16:15:48.141328   70473 watch.go:40] Failed to load config from \"/Volumes/MAC DATA/Study App/development/WebTinTuc/dataconnect\": could not find dataconnect.yaml in `/Volumes/MAC DATA/Study App/development/WebTinTuc/dataconnect`\n"}}
[debug] [2026-04-09T09:15:58.142Z] E0409 16:15:58.141730   70473 watch.go:40] Failed to load config from "/Volumes/MAC DATA/Study App/development/WebTinTuc/dataconnect": could not find dataconnect.yaml in `/Volumes/MAC DATA/Study App/development/WebTinTuc/dataconnect`
 {"metadata":{"emulator":{"name":"dataconnect"},"message":"E0409 16:15:58.141730   70473 watch.go:40] Failed to load config from \"/Volumes/MAC DATA/Study App/development/WebTinTuc/dataconnect\": could not find dataconnect.yaml in `/Volumes/MAC DATA/Study App/development/WebTinTuc/dataconnect`\n"}}
[debug] [2026-04-09T09:16:08.141Z] E0409 16:16:08.141520   70473 watch.go:40] Failed to load config from "/Volumes/MAC DATA/Study App/development/WebTinTuc/dataconnect": could not find dataconnect.yaml in `/Volumes/MAC DATA/Study App/development/WebTinTuc/dataconnect`
 {"metadata":{"emulator":{"name":"dataconnect"},"message":"E0409 16:16:08.141520   70473 watch.go:40] Failed to load config from \"/Volumes/MAC DATA/Study App/development/WebTinTuc/dataconnect\": could not find dataconnect.yaml in `/Volumes/MAC DATA/Study App/development/WebTinTuc/dataconnect`\n"}}
[debug] [2026-04-09T09:16:18.141Z] E0409 16:16:18.141383   70473 watch.go:40] Failed to load config from "/Volumes/MAC DATA/Study App/development/WebTinTuc/dataconnect": could not find dataconnect.yaml in `/Volumes/MAC DATA/Study App/development/WebTinTuc/dataconnect`
 {"metadata":{"emulator":{"name":"dataconnect"},"message":"E0409 16:16:18.141383   70473 watch.go:40] Failed to load config from \"/Volumes/MAC DATA/Study App/development/WebTinTuc/dataconnect\": could not find dataconnect.yaml in `/Volumes/MAC DATA/Study App/development/WebTinTuc/dataconnect`\n"}}
[debug] [2026-04-09T09:16:28.141Z] E0409 16:16:28.141271   70473 watch.go:40] Failed to load config from "/Volumes/MAC DATA/Study App/development/WebTinTuc/dataconnect": could not find dataconnect.yaml in `/Volumes/MAC DATA/Study App/development/WebTinTuc/dataconnect`
 {"metadata":{"emulator":{"name":"dataconnect"},"message":"E0409 16:16:28.141271   70473 watch.go:40] Failed to load config from \"/Volumes/MAC DATA/Study App/development/WebTinTuc/dataconnect\": could not find dataconnect.yaml in `/Volumes/MAC DATA/Study App/development/WebTinTuc/dataconnect`\n"}}
[debug] [2026-04-09T09:16:38.141Z] E0409 16:16:38.141325   70473 watch.go:40] Failed to load config from "/Volumes/MAC DATA/Study App/development/WebTinTuc/dataconnect": could not find dataconnect.yaml in `/Volumes/MAC DATA/Study App/development/WebTinTuc/dataconnect`
E0409 16:16:38.141266   70473 watch.go:116] watchAllDir unable to walk dir `/Volumes/MAC DATA/Study App/development/WebTinTuc/dataconnect`: lstat /Volumes/MAC DATA/Study App/development/WebTinTuc/dataconnect: no such file or directory
 {"metadata":{"emulator":{"name":"dataconnect"},"message":"E0409 16:16:38.141325   70473 watch.go:40] Failed to load config from \"/Volumes/MAC DATA/Study App/development/WebTinTuc/dataconnect\": could not find dataconnect.yaml in `/Volumes/MAC DATA/Study App/development/WebTinTuc/dataconnect`\nE0409 16:16:38.141266   70473 watch.go:116] watchAllDir unable to walk dir `/Volumes/MAC DATA/Study App/development/WebTinTuc/dataconnect`: lstat /Volumes/MAC DATA/Study App/development/WebTinTuc/dataconnect: no such file or directory\n"}}
[debug] [2026-04-09T09:16:48.141Z] E0409 16:16:48.141472   70473 watch.go:40] Failed to load config from "/Volumes/MAC DATA/Study App/development/WebTinTuc/dataconnect": could not find dataconnect.yaml in `/Volumes/MAC DATA/Study App/development/WebTinTuc/dataconnect`
 {"metadata":{"emulator":{"name":"dataconnect"},"message":"E0409 16:16:48.141472   70473 watch.go:40] Failed to load config from \"/Volumes/MAC DATA/Study App/development/WebTinTuc/dataconnect\": could not find dataconnect.yaml in `/Volumes/MAC DATA/Study App/development/WebTinTuc/dataconnect`\n"}}
[debug] [2026-04-09T09:16:58.141Z] E0409 16:16:58.141370   70473 watch.go:40] Failed to load config from "/Volumes/MAC DATA/Study App/development/WebTinTuc/dataconnect": could not find dataconnect.yaml in `/Volumes/MAC DATA/Study App/development/WebTinTuc/dataconnect`
 {"metadata":{"emulator":{"name":"dataconnect"},"message":"E0409 16:16:58.141370   70473 watch.go:40] Failed to load config from \"/Volumes/MAC DATA/Study App/development/WebTinTuc/dataconnect\": could not find dataconnect.yaml in `/Volumes/MAC DATA/Study App/development/WebTinTuc/dataconnect`\n"}}
[debug] [2026-04-09T09:17:08.141Z] E0409 16:17:08.141258   70473 watch.go:40] Failed to load config from "/Volumes/MAC DATA/Study App/development/WebTinTuc/dataconnect": could not find dataconnect.yaml in `/Volumes/MAC DATA/Study App/development/WebTinTuc/dataconnect`
 {"metadata":{"emulator":{"name":"dataconnect"},"message":"E0409 16:17:08.141258   70473 watch.go:40] Failed to load config from \"/Volumes/MAC DATA/Study App/development/WebTinTuc/dataconnect\": could not find dataconnect.yaml in `/Volumes/MAC DATA/Study App/development/WebTinTuc/dataconnect`\n"}}
[debug] [2026-04-09T09:17:18.142Z] E0409 16:17:18.141956   70473 watch.go:40] Failed to load config from "/Volumes/MAC DATA/Study App/development/WebTinTuc/dataconnect": could not find dataconnect.yaml in `/Volumes/MAC DATA/Study App/development/WebTinTuc/dataconnect`
 {"metadata":{"emulator":{"name":"dataconnect"},"message":"E0409 16:17:18.141956   70473 watch.go:40] Failed to load config from \"/Volumes/MAC DATA/Study App/development/WebTinTuc/dataconnect\": could not find dataconnect.yaml in `/Volumes/MAC DATA/Study App/development/WebTinTuc/dataconnect`\n"}}
[debug] [2026-04-09T09:17:28.141Z] E0409 16:17:28.141269   70473 watch.go:40] Failed to load config from "/Volumes/MAC DATA/Study App/development/WebTinTuc/dataconnect": could not find dataconnect.yaml in `/Volumes/MAC DATA/Study App/development/WebTinTuc/dataconnect`
 {"metadata":{"emulator":{"name":"dataconnect"},"message":"E0409 16:17:28.141269   70473 watch.go:40] Failed to load config from \"/Volumes/MAC DATA/Study App/development/WebTinTuc/dataconnect\": could not find dataconnect.yaml in `/Volumes/MAC DATA/Study App/development/WebTinTuc/dataconnect`\n"}}
[debug] [2026-04-09T09:17:38.141Z] E0409 16:17:38.140914   70473 watch.go:116] watchAllDir unable to walk dir `/Volumes/MAC DATA/Study App/development/WebTinTuc/dataconnect`: lstat /Volumes/MAC DATA/Study App/development/WebTinTuc/dataconnect: no such file or directory
E0409 16:17:38.141102   70473 watch.go:40] Failed to load config from "/Volumes/MAC DATA/Study App/development/WebTinTuc/dataconnect": could not find dataconnect.yaml in `/Volumes/MAC DATA/Study App/development/WebTinTuc/dataconnect`
 {"metadata":{"emulator":{"name":"dataconnect"},"message":"E0409 16:17:38.140914   70473 watch.go:116] watchAllDir unable to walk dir `/Volumes/MAC DATA/Study App/development/WebTinTuc/dataconnect`: lstat /Volumes/MAC DATA/Study App/development/WebTinTuc/dataconnect: no such file or directory\nE0409 16:17:38.141102   70473 watch.go:40] Failed to load config from \"/Volumes/MAC DATA/Study App/development/WebTinTuc/dataconnect\": could not find dataconnect.yaml in `/Volumes/MAC DATA/Study App/development/WebTinTuc/dataconnect`\n"}}
[debug] [2026-04-09T09:17:48.141Z] E0409 16:17:48.140942   70473 watch.go:40] Failed to load config from "/Volumes/MAC DATA/Study App/development/WebTinTuc/dataconnect": could not find dataconnect.yaml in `/Volumes/MAC DATA/Study App/development/WebTinTuc/dataconnect`
 {"metadata":{"emulator":{"name":"dataconnect"},"message":"E0409 16:17:48.140942   70473 watch.go:40] Failed to load config from \"/Volumes/MAC DATA/Study App/development/WebTinTuc/dataconnect\": could not find dataconnect.yaml in `/Volumes/MAC DATA/Study App/development/WebTinTuc/dataconnect`\n"}}
[debug] [2026-04-09T09:17:58.141Z] E0409 16:17:58.141159   70473 watch.go:40] Failed to load config from "/Volumes/MAC DATA/Study App/development/WebTinTuc/dataconnect": could not find dataconnect.yaml in `/Volumes/MAC DATA/Study App/development/WebTinTuc/dataconnect`
 {"metadata":{"emulator":{"name":"dataconnect"},"message":"E0409 16:17:58.141159   70473 watch.go:40] Failed to load config from \"/Volumes/MAC DATA/Study App/development/WebTinTuc/dataconnect\": could not find dataconnect.yaml in `/Volumes/MAC DATA/Study App/development/WebTinTuc/dataconnect`\n"}}
[debug] [2026-04-09T09:18:08.141Z] E0409 16:18:08.140872   70473 watch.go:40] Failed to load config from "/Volumes/MAC DATA/Study App/development/WebTinTuc/dataconnect": could not find dataconnect.yaml in `/Volumes/MAC DATA/Study App/development/WebTinTuc/dataconnect`
 {"metadata":{"emulator":{"name":"dataconnect"},"message":"E0409 16:18:08.140872   70473 watch.go:40] Failed to load config from \"/Volumes/MAC DATA/Study App/development/WebTinTuc/dataconnect\": could not find dataconnect.yaml in `/Volumes/MAC DATA/Study App/development/WebTinTuc/dataconnect`\n"}}
[debug] [2026-04-09T09:18:18.141Z] E0409 16:18:18.140874   70473 watch.go:40] Failed to load config from "/Volumes/MAC DATA/Study App/development/WebTinTuc/dataconnect": could not find dataconnect.yaml in `/Volumes/MAC DATA/Study App/development/WebTinTuc/dataconnect`
 {"metadata":{"emulator":{"name":"dataconnect"},"message":"E0409 16:18:18.140874   70473 watch.go:40] Failed to load config from \"/Volumes/MAC DATA/Study App/development/WebTinTuc/dataconnect\": could not find dataconnect.yaml in `/Volumes/MAC DATA/Study App/development/WebTinTuc/dataconnect`\n"}}
[debug] [2026-04-09T09:18:28.141Z] E0409 16:18:28.140899   70473 watch.go:40] Failed to load config from "/Volumes/MAC DATA/Study App/development/WebTinTuc/dataconnect": could not find dataconnect.yaml in `/Volumes/MAC DATA/Study App/development/WebTinTuc/dataconnect`
 {"metadata":{"emulator":{"name":"dataconnect"},"message":"E0409 16:18:28.140899   70473 watch.go:40] Failed to load config from \"/Volumes/MAC DATA/Study App/development/WebTinTuc/dataconnect\": could not find dataconnect.yaml in `/Volumes/MAC DATA/Study App/development/WebTinTuc/dataconnect`\n"}}
[debug] [2026-04-09T09:18:38.140Z] E0409 16:18:38.140572   70473 watch.go:116] watchAllDir unable to walk dir `/Volumes/MAC DATA/Study App/development/WebTinTuc/dataconnect`: lstat /Volumes/MAC DATA/Study App/development/WebTinTuc/dataconnect: no such file or directory
E0409 16:18:38.140661   70473 watch.go:40] Failed to load config from "/Volumes/MAC DATA/Study App/development/WebTinTuc/dataconnect": could not find dataconnect.yaml in `/Volumes/MAC DATA/Study App/development/WebTinTuc/dataconnect`
 {"metadata":{"emulator":{"name":"dataconnect"},"message":"E0409 16:18:38.140572   70473 watch.go:116] watchAllDir unable to walk dir `/Volumes/MAC DATA/Study App/development/WebTinTuc/dataconnect`: lstat /Volumes/MAC DATA/Study App/development/WebTinTuc/dataconnect: no such file or directory\nE0409 16:18:38.140661   70473 watch.go:40] Failed to load config from \"/Volumes/MAC DATA/Study App/development/WebTinTuc/dataconnect\": could not find dataconnect.yaml in `/Volumes/MAC DATA/Study App/development/WebTinTuc/dataconnect`\n"}}
[debug] [2026-04-09T09:18:48.140Z] E0409 16:18:48.140447   70473 watch.go:40] Failed to load config from "/Volumes/MAC DATA/Study App/development/WebTinTuc/dataconnect": could not find dataconnect.yaml in `/Volumes/MAC DATA/Study App/development/WebTinTuc/dataconnect`
 {"metadata":{"emulator":{"name":"dataconnect"},"message":"E0409 16:18:48.140447   70473 watch.go:40] Failed to load config from \"/Volumes/MAC DATA/Study App/development/WebTinTuc/dataconnect\": could not find dataconnect.yaml in `/Volumes/MAC DATA/Study App/development/WebTinTuc/dataconnect`\n"}}
[debug] [2026-04-09T09:18:58.141Z] E0409 16:18:58.140657   70473 watch.go:40] Failed to load config from "/Volumes/MAC DATA/Study App/development/WebTinTuc/dataconnect": could not find dataconnect.yaml in `/Volumes/MAC DATA/Study App/development/WebTinTuc/dataconnect`
 {"metadata":{"emulator":{"name":"dataconnect"},"message":"E0409 16:18:58.140657   70473 watch.go:40] Failed to load config from \"/Volumes/MAC DATA/Study App/development/WebTinTuc/dataconnect\": could not find dataconnect.yaml in `/Volumes/MAC DATA/Study App/development/WebTinTuc/dataconnect`\n"}}
[debug] [2026-04-09T09:19:08.141Z] E0409 16:19:08.140572   70473 watch.go:40] Failed to load config from "/Volumes/MAC DATA/Study App/development/WebTinTuc/dataconnect": could not find dataconnect.yaml in `/Volumes/MAC DATA/Study App/development/WebTinTuc/dataconnect`
 {"metadata":{"emulator":{"name":"dataconnect"},"message":"E0409 16:19:08.140572   70473 watch.go:40] Failed to load config from \"/Volumes/MAC DATA/Study App/development/WebTinTuc/dataconnect\": could not find dataconnect.yaml in `/Volumes/MAC DATA/Study App/development/WebTinTuc/dataconnect`\n"}}
[debug] [2026-04-09T09:19:18.141Z] E0409 16:19:18.140670   70473 watch.go:40] Failed to load config from "/Volumes/MAC DATA/Study App/development/WebTinTuc/dataconnect": could not find dataconnect.yaml in `/Volumes/MAC DATA/Study App/development/WebTinTuc/dataconnect`
 {"metadata":{"emulator":{"name":"dataconnect"},"message":"E0409 16:19:18.140670   70473 watch.go:40] Failed to load config from \"/Volumes/MAC DATA/Study App/development/WebTinTuc/dataconnect\": could not find dataconnect.yaml in `/Volumes/MAC DATA/Study App/development/WebTinTuc/dataconnect`\n"}}
[debug] [2026-04-09T09:19:28.140Z] E0409 16:19:28.140173   70473 watch.go:40] Failed to load config from "/Volumes/MAC DATA/Study App/development/WebTinTuc/dataconnect": could not find dataconnect.yaml in `/Volumes/MAC DATA/Study App/development/WebTinTuc/dataconnect`
 {"metadata":{"emulator":{"name":"dataconnect"},"message":"E0409 16:19:28.140173   70473 watch.go:40] Failed to load config from \"/Volumes/MAC DATA/Study App/development/WebTinTuc/dataconnect\": could not find dataconnect.yaml in `/Volumes/MAC DATA/Study App/development/WebTinTuc/dataconnect`\n"}}
[debug] [2026-04-09T09:19:38.140Z] E0409 16:19:38.140138   70473 watch.go:116] watchAllDir unable to walk dir `/Volumes/MAC DATA/Study App/development/WebTinTuc/dataconnect`: lstat /Volumes/MAC DATA/Study App/development/WebTinTuc/dataconnect: no such file or directory
E0409 16:19:38.140234   70473 watch.go:40] Failed to load config from "/Volumes/MAC DATA/Study App/development/WebTinTuc/dataconnect": could not find dataconnect.yaml in `/Volumes/MAC DATA/Study App/development/WebTinTuc/dataconnect`
 {"metadata":{"emulator":{"name":"dataconnect"},"message":"E0409 16:19:38.140138   70473 watch.go:116] watchAllDir unable to walk dir `/Volumes/MAC DATA/Study App/development/WebTinTuc/dataconnect`: lstat /Volumes/MAC DATA/Study App/development/WebTinTuc/dataconnect: no such file or directory\nE0409 16:19:38.140234   70473 watch.go:40] Failed to load config from \"/Volumes/MAC DATA/Study App/development/WebTinTuc/dataconnect\": could not find dataconnect.yaml in `/Volumes/MAC DATA/Study App/development/WebTinTuc/dataconnect`\n"}}
[debug] [2026-04-09T09:19:48.141Z] E0409 16:19:48.140462   70473 watch.go:40] Failed to load config from "/Volumes/MAC DATA/Study App/development/WebTinTuc/dataconnect": could not find dataconnect.yaml in `/Volumes/MAC DATA/Study App/development/WebTinTuc/dataconnect`
 {"metadata":{"emulator":{"name":"dataconnect"},"message":"E0409 16:19:48.140462   70473 watch.go:40] Failed to load config from \"/Volumes/MAC DATA/Study App/development/WebTinTuc/dataconnect\": could not find dataconnect.yaml in `/Volumes/MAC DATA/Study App/development/WebTinTuc/dataconnect`\n"}}
[debug] [2026-04-09T09:19:58.140Z] E0409 16:19:58.140434   70473 watch.go:40] Failed to load config from "/Volumes/MAC DATA/Study App/development/WebTinTuc/dataconnect": could not find dataconnect.yaml in `/Volumes/MAC DATA/Study App/development/WebTinTuc/dataconnect`
 {"metadata":{"emulator":{"name":"dataconnect"},"message":"E0409 16:19:58.140434   70473 watch.go:40] Failed to load config from \"/Volumes/MAC DATA/Study App/development/WebTinTuc/dataconnect\": could not find dataconnect.yaml in `/Volumes/MAC DATA/Study App/development/WebTinTuc/dataconnect`\n"}}
[debug] [2026-04-09T09:20:08.140Z] E0409 16:20:08.140108   70473 watch.go:40] Failed to load config from "/Volumes/MAC DATA/Study App/development/WebTinTuc/dataconnect": could not find dataconnect.yaml in `/Volumes/MAC DATA/Study App/development/WebTinTuc/dataconnect`
 {"metadata":{"emulator":{"name":"dataconnect"},"message":"E0409 16:20:08.140108   70473 watch.go:40] Failed to load config from \"/Volumes/MAC DATA/Study App/development/WebTinTuc/dataconnect\": could not find dataconnect.yaml in `/Volumes/MAC DATA/Study App/development/WebTinTuc/dataconnect`\n"}}
[debug] [2026-04-09T09:20:18.140Z] E0409 16:20:18.140218   70473 watch.go:40] Failed to load config from "/Volumes/MAC DATA/Study App/development/WebTinTuc/dataconnect": could not find dataconnect.yaml in `/Volumes/MAC DATA/Study App/development/WebTinTuc/dataconnect`
 {"metadata":{"emulator":{"name":"dataconnect"},"message":"E0409 16:20:18.140218   70473 watch.go:40] Failed to load config from \"/Volumes/MAC DATA/Study App/development/WebTinTuc/dataconnect\": could not find dataconnect.yaml in `/Volumes/MAC DATA/Study App/development/WebTinTuc/dataconnect`\n"}}
[debug] [2026-04-09T09:20:28.140Z] E0409 16:20:28.140131   70473 watch.go:40] Failed to load config from "/Volumes/MAC DATA/Study App/development/WebTinTuc/dataconnect": could not find dataconnect.yaml in `/Volumes/MAC DATA/Study App/development/WebTinTuc/dataconnect`
 {"metadata":{"emulator":{"name":"dataconnect"},"message":"E0409 16:20:28.140131   70473 watch.go:40] Failed to load config from \"/Volumes/MAC DATA/Study App/development/WebTinTuc/dataconnect\": could not find dataconnect.yaml in `/Volumes/MAC DATA/Study App/development/WebTinTuc/dataconnect`\n"}}
[debug] [2026-04-09T09:20:38.140Z] E0409 16:20:38.139944   70473 watch.go:40] Failed to load config from "/Volumes/MAC DATA/Study App/development/WebTinTuc/dataconnect": could not find dataconnect.yaml in `/Volumes/MAC DATA/Study App/development/WebTinTuc/dataconnect`
E0409 16:20:38.139909   70473 watch.go:116] watchAllDir unable to walk dir `/Volumes/MAC DATA/Study App/development/WebTinTuc/dataconnect`: lstat /Volumes/MAC DATA/Study App/development/WebTinTuc/dataconnect: no such file or directory
 {"metadata":{"emulator":{"name":"dataconnect"},"message":"E0409 16:20:38.139944   70473 watch.go:40] Failed to load config from \"/Volumes/MAC DATA/Study App/development/WebTinTuc/dataconnect\": could not find dataconnect.yaml in `/Volumes/MAC DATA/Study App/development/WebTinTuc/dataconnect`\nE0409 16:20:38.139909   70473 watch.go:116] watchAllDir unable to walk dir `/Volumes/MAC DATA/Study App/development/WebTinTuc/dataconnect`: lstat /Volumes/MAC DATA/Study App/development/WebTinTuc/dataconnect: no such file or directory\n"}}
[debug] [2026-04-09T09:20:48.139Z] E0409 16:20:48.139245   70473 watch.go:40] Failed to load config from "/Volumes/MAC DATA/Study App/development/WebTinTuc/dataconnect": could not find dataconnect.yaml in `/Volumes/MAC DATA/Study App/development/WebTinTuc/dataconnect`
 {"metadata":{"emulator":{"name":"dataconnect"},"message":"E0409 16:20:48.139245   70473 watch.go:40] Failed to load config from \"/Volumes/MAC DATA/Study App/development/WebTinTuc/dataconnect\": could not find dataconnect.yaml in `/Volumes/MAC DATA/Study App/development/WebTinTuc/dataconnect`\n"}}
[debug] [2026-04-09T09:20:58.140Z] E0409 16:20:58.139866   70473 watch.go:40] Failed to load config from "/Volumes/MAC DATA/Study App/development/WebTinTuc/dataconnect": could not find dataconnect.yaml in `/Volumes/MAC DATA/Study App/development/WebTinTuc/dataconnect`
 {"metadata":{"emulator":{"name":"dataconnect"},"message":"E0409 16:20:58.139866   70473 watch.go:40] Failed to load config from \"/Volumes/MAC DATA/Study App/development/WebTinTuc/dataconnect\": could not find dataconnect.yaml in `/Volumes/MAC DATA/Study App/development/WebTinTuc/dataconnect`\n"}}
[debug] [2026-04-09T09:21:08.153Z] E0409 16:21:08.145916   70473 watch.go:40] Failed to load config from "/Volumes/MAC DATA/Study App/development/WebTinTuc/dataconnect": could not find dataconnect.yaml in `/Volumes/MAC DATA/Study App/development/WebTinTuc/dataconnect`
 {"metadata":{"emulator":{"name":"dataconnect"},"message":"E0409 16:21:08.145916   70473 watch.go:40] Failed to load config from \"/Volumes/MAC DATA/Study App/development/WebTinTuc/dataconnect\": could not find dataconnect.yaml in `/Volumes/MAC DATA/Study App/development/WebTinTuc/dataconnect`\n"}}
[debug] [2026-04-09T09:21:18.140Z] E0409 16:21:18.139904   70473 watch.go:40] Failed to load config from "/Volumes/MAC DATA/Study App/development/WebTinTuc/dataconnect": could not find dataconnect.yaml in `/Volumes/MAC DATA/Study App/development/WebTinTuc/dataconnect`
 {"metadata":{"emulator":{"name":"dataconnect"},"message":"E0409 16:21:18.139904   70473 watch.go:40] Failed to load config from \"/Volumes/MAC DATA/Study App/development/WebTinTuc/dataconnect\": could not find dataconnect.yaml in `/Volumes/MAC DATA/Study App/development/WebTinTuc/dataconnect`\n"}}
[info] [Firebase Plugin] Stopping Data Connect toolkit
[debug] [2026-04-10T08:25:55.611Z] [Firebase Plugin] Activating Firebase extension.
[debug] [2026-04-10T08:26:01.732Z] [Firebase Plugin] requireAuthWrapper
[debug] [2026-04-10T08:26:01.733Z] > command requires scopes: ["email","openid","https://www.googleapis.com/auth/cloudplatformprojects.readonly","https://www.googleapis.com/auth/firebase","https://www.googleapis.com/auth/cloud-platform"]
[debug] [2026-04-10T08:26:01.734Z] > authorizing via signed-in user (seosan686@gmail.com)
[debug] [2026-04-10T08:26:01.735Z] Checked if tokens are valid: false, expires at: 1775810194843
[debug] [2026-04-10T08:26:01.735Z] Checked if tokens are valid: false, expires at: 1775810194843
[debug] [2026-04-10T08:26:01.736Z] > refreshing access token with scopes: []
[debug] [2026-04-10T08:26:01.736Z] >>> [apiv2][query] POST https://www.googleapis.com/oauth2/v3/token [none]
[debug] [2026-04-10T08:26:01.736Z] >>> [apiv2][body] POST https://www.googleapis.com/oauth2/v3/token [omitted]
[debug] [2026-04-10T08:26:01.741Z] [Firebase Plugin] VSCode notification server listening on port 40001
[info] [Firebase Plugin] Starting Data Connect toolkit (version 3.3.1) on port 50001
[debug] [2026-04-10T08:26:02.226Z] 'fdc build' failed with error: Unable to build your Data Connect schema and connectors (exit code 1): E0410 15:26:02.223681    1763 cmd.go:43] Error loading data connect config: could not find dataconnect.yaml in `/Volumes/MAC DATA/Study App/development/WebTinTuc/dataconnect`
 {"metadata":{"emulator":{"name":"dataconnect"},"message":"'fdc build' failed with error: Unable to build your Data Connect schema and connectors (exit code 1): E0410 15:26:02.223681    1763 cmd.go:43] Error loading data connect config: could not find dataconnect.yaml in `/Volumes/MAC DATA/Study App/development/WebTinTuc/dataconnect`\n"}}
[debug] [2026-04-10T08:26:02.227Z] Ignoring unsupported arg: auto_download {"metadata":{"emulator":{"name":"dataconnect"},"message":"Ignoring unsupported arg: auto_download"}}
[debug] [2026-04-10T08:26:02.227Z] Ignoring unsupported arg: port {"metadata":{"emulator":{"name":"dataconnect"},"message":"Ignoring unsupported arg: port"}}
[debug] [2026-04-10T08:26:02.227Z] Starting Data Connect Emulator with command {"binary":"/Users/xiaosan/.cache/firebase/emulators/dataconnect-emulator-3.3.1","args":["--logtostderr","-v=2","dev","--listen=localhost:50001","--config_dir=/Volumes/MAC DATA/Study App/development/WebTinTuc/dataconnect","--enable_output_schema_extensions=true","--enable_output_generated_sdk=true"],"optionalArgs":["listen","config_dir","enable_output_schema_extensions","enable_output_generated_sdk"],"joinArgs":true,"shell":false,"port":9399} {"metadata":{"emulator":{"name":"dataconnect"},"message":"Starting Data Connect Emulator with command {\"binary\":\"/Users/xiaosan/.cache/firebase/emulators/dataconnect-emulator-3.3.1\",\"args\":[\"--logtostderr\",\"-v=2\",\"dev\",\"--listen=localhost:50001\",\"--config_dir=/Volumes/MAC DATA/Study App/development/WebTinTuc/dataconnect\",\"--enable_output_schema_extensions=true\",\"--enable_output_generated_sdk=true\"],\"optionalArgs\":[\"listen\",\"config_dir\",\"enable_output_schema_extensions\",\"enable_output_generated_sdk\"],\"joinArgs\":true,\"shell\":false,\"port\":9399}"}}
[info] i  dataconnect: Data Connect Emulator logging to dataconnect-debug.log {"metadata":{"emulator":{"name":"dataconnect"},"message":"Data Connect Emulator logging to dataconnect-debug.log"}}
[debug] [2026-04-10T08:26:02.255Z] E0410 15:26:02.253763    1764 dev.go:83] Failed to load initial config from "/Volumes/MAC DATA/Study App/development/WebTinTuc/dataconnect": could not find dataconnect.yaml in `/Volumes/MAC DATA/Study App/development/WebTinTuc/dataconnect`
 {"metadata":{"emulator":{"name":"dataconnect"},"message":"E0410 15:26:02.253763    1764 dev.go:83] Failed to load initial config from \"/Volumes/MAC DATA/Study App/development/WebTinTuc/dataconnect\": could not find dataconnect.yaml in `/Volumes/MAC DATA/Study App/development/WebTinTuc/dataconnect`\n"}}
[debug] [2026-04-10T08:26:02.256Z] E0410 15:26:02.256379    1764 watch.go:116] watchAllDir unable to walk dir `/Volumes/MAC DATA/Study App/development/WebTinTuc/dataconnect`: lstat /Volumes/MAC DATA/Study App/development/WebTinTuc/dataconnect: no such file or directory
 {"metadata":{"emulator":{"name":"dataconnect"},"message":"E0410 15:26:02.256379    1764 watch.go:116] watchAllDir unable to walk dir `/Volumes/MAC DATA/Study App/development/WebTinTuc/dataconnect`: lstat /Volumes/MAC DATA/Study App/development/WebTinTuc/dataconnect: no such file or directory\n"}}
[debug] [2026-04-10T08:26:02.257Z] I0410 15:26:02.257789    1764 dev.go:104] Listening on address (HTTP + gRPC): 127.0.0.1:50001
 {"metadata":{"emulator":{"name":"dataconnect"},"message":"I0410 15:26:02.257789    1764 dev.go:104] Listening on address (HTTP + gRPC): 127.0.0.1:50001\n"}}
[debug] [2026-04-10T08:26:02.334Z] <<< [apiv2][status] POST https://www.googleapis.com/oauth2/v3/token 200
[debug] [2026-04-10T08:26:02.334Z] <<< [apiv2][body] POST https://www.googleapis.com/oauth2/v3/token [omitted]
[debug] [2026-04-10T08:26:02.349Z] [Firebase Plugin] User found:  seosan686@gmail.com
[info] [Firebase Plugin] (Core:Project) New user detected, fetching projects
[debug] [2026-04-10T08:26:02.349Z] Checked if tokens are valid: true, expires at: 1775813161334
[debug] [2026-04-10T08:26:02.349Z] >>> [apiv2][query] GET https://firebase.googleapis.com/v1beta1/projects pageSize=1000
[error] [Firebase Plugin] error:  {}
[debug] [2026-04-10T08:26:03.320Z] <<< [apiv2][status] GET https://firebase.googleapis.com/v1beta1/projects 200
[debug] [2026-04-10T08:26:03.321Z] <<< [apiv2][body] GET https://firebase.googleapis.com/v1beta1/projects [omitted]
[debug] [2026-04-10T08:26:12.258Z] E0410 15:26:12.258122    1764 watch.go:40] Failed to load config from "/Volumes/MAC DATA/Study App/development/WebTinTuc/dataconnect": could not find dataconnect.yaml in `/Volumes/MAC DATA/Study App/development/WebTinTuc/dataconnect`
 {"metadata":{"emulator":{"name":"dataconnect"},"message":"E0410 15:26:12.258122    1764 watch.go:40] Failed to load config from \"/Volumes/MAC DATA/Study App/development/WebTinTuc/dataconnect\": could not find dataconnect.yaml in `/Volumes/MAC DATA/Study App/development/WebTinTuc/dataconnect`\n"}}
[debug] [2026-04-10T08:26:22.258Z] E0410 15:26:22.257770    1764 watch.go:40] Failed to load config from "/Volumes/MAC DATA/Study App/development/WebTinTuc/dataconnect": could not find dataconnect.yaml in `/Volumes/MAC DATA/Study App/development/WebTinTuc/dataconnect`
 {"metadata":{"emulator":{"name":"dataconnect"},"message":"E0410 15:26:22.257770    1764 watch.go:40] Failed to load config from \"/Volumes/MAC DATA/Study App/development/WebTinTuc/dataconnect\": could not find dataconnect.yaml in `/Volumes/MAC DATA/Study App/development/WebTinTuc/dataconnect`\n"}}
[debug] [2026-04-10T08:26:32.262Z] E0410 15:26:32.260653    1764 watch.go:40] Failed to load config from "/Volumes/MAC DATA/Study App/development/WebTinTuc/dataconnect": could not find dataconnect.yaml in `/Volumes/MAC DATA/Study App/development/WebTinTuc/dataconnect`
 {"metadata":{"emulator":{"name":"dataconnect"},"message":"E0410 15:26:32.260653    1764 watch.go:40] Failed to load config from \"/Volumes/MAC DATA/Study App/development/WebTinTuc/dataconnect\": could not find dataconnect.yaml in `/Volumes/MAC DATA/Study App/development/WebTinTuc/dataconnect`\n"}}
[debug] [2026-04-10T08:26:42.257Z] E0410 15:26:42.256806    1764 watch.go:40] Failed to load config from "/Volumes/MAC DATA/Study App/development/WebTinTuc/dataconnect": could not find dataconnect.yaml in `/Volumes/MAC DATA/Study App/development/WebTinTuc/dataconnect`
 {"metadata":{"emulator":{"name":"dataconnect"},"message":"E0410 15:26:42.256806    1764 watch.go:40] Failed to load config from \"/Volumes/MAC DATA/Study App/development/WebTinTuc/dataconnect\": could not find dataconnect.yaml in `/Volumes/MAC DATA/Study App/development/WebTinTuc/dataconnect`\n"}}
[info] [Firebase Plugin] Stopping Data Connect toolkit
[debug] [2026-05-06T09:57:45.609Z] [Firebase Plugin] Activating Firebase extension.
[debug] [2026-05-06T09:57:48.599Z] [Firebase Plugin] requireAuthWrapper
[debug] [2026-05-06T09:57:48.600Z] > command requires scopes: ["email","openid","https://www.googleapis.com/auth/cloudplatformprojects.readonly","https://www.googleapis.com/auth/firebase","https://www.googleapis.com/auth/cloud-platform"]
[debug] [2026-05-06T09:57:48.600Z] > authorizing via signed-in user (seosan686@gmail.com)
[debug] [2026-05-06T09:57:48.601Z] Checked if tokens are valid: true, expires at: 1778065056051
[debug] [2026-05-06T09:57:48.601Z] Checked if tokens are valid: true, expires at: 1778065056051
[debug] [2026-05-06T09:57:48.601Z] [Firebase Plugin] User found:  seosan686@gmail.com
[info] [Firebase Plugin] (Core:Project) New user detected, fetching projects
[debug] [2026-05-06T09:57:48.602Z] Checked if tokens are valid: true, expires at: 1778065056051
[debug] [2026-05-06T09:57:48.602Z] >>> [apiv2][query] GET https://firebase.googleapis.com/v1beta1/projects pageSize=1000
[debug] [2026-05-06T09:57:48.606Z] [Firebase Plugin] VSCode notification server listening on port 40001
[info] [Firebase Plugin] Starting SQL Connect toolkit (version 3.4.6) on port 50001
[info] i  dataconnect: downloading dataconnect-emulator-3.4.6... {"metadata":{"emulator":{"name":"dataconnect"},"message":"downloading dataconnect-emulator-3.4.6..."}}
[debug] [2026-05-06T09:57:48.728Z] >>> [apiv2][query] GET https://storage.googleapis.com/firemat-preview-drop/emulator/dataconnect-emulator-macos-arm64-v3.4.6 
[debug] [2026-05-06T09:57:49.379Z] <<< [apiv2][status] GET https://storage.googleapis.com/firemat-preview-drop/emulator/dataconnect-emulator-macos-arm64-v3.4.6 200
[debug] [2026-05-06T09:57:49.380Z] <<< [apiv2][body] GET https://storage.googleapis.com/firemat-preview-drop/emulator/dataconnect-emulator-macos-arm64-v3.4.6 [stream]
[debug] [2026-05-06T09:57:49.638Z] <<< [apiv2][status] GET https://firebase.googleapis.com/v1beta1/projects 200
[debug] [2026-05-06T09:57:49.639Z] <<< [apiv2][body] GET https://firebase.googleapis.com/v1beta1/projects [omitted]
[info] i  dataconnect: Removing outdated emulator files: dataconnect-emulator-3.4.5 {"metadata":{"emulator":{"name":"dataconnect"},"message":"Removing outdated emulator files: dataconnect-emulator-3.4.5"}}
[debug] [2026-05-06T09:57:53.955Z] 'fdc build' failed with error: Unable to build your SQL Connect schema and connectors (exit code 1): E0506 16:57:53.954575    3705 cmd.go:43] Error loading data connect config: could not find dataconnect.yaml in `/Volumes/MAC DATA/Study App/development/WebTinTuc/dataconnect`
 {"metadata":{"emulator":{"name":"dataconnect"},"message":"'fdc build' failed with error: Unable to build your SQL Connect schema and connectors (exit code 1): E0506 16:57:53.954575    3705 cmd.go:43] Error loading data connect config: could not find dataconnect.yaml in `/Volumes/MAC DATA/Study App/development/WebTinTuc/dataconnect`\n"}}
[debug] [2026-05-06T09:57:53.966Z] Ignoring unsupported arg: auto_download {"metadata":{"emulator":{"name":"dataconnect"},"message":"Ignoring unsupported arg: auto_download"}}
[debug] [2026-05-06T09:57:53.966Z] Ignoring unsupported arg: port {"metadata":{"emulator":{"name":"dataconnect"},"message":"Ignoring unsupported arg: port"}}
[debug] [2026-05-06T09:57:53.966Z] Starting SQL Connect Emulator with command {"binary":"/Users/xiaosan/.cache/firebase/emulators/dataconnect-emulator-3.4.6","args":["--logtostderr","-v=2","dev","--listen=localhost:50001","--config_dir=/Volumes/MAC DATA/Study App/development/WebTinTuc/dataconnect","--enable_output_schema_extensions=true","--enable_output_generated_sdk=true"],"optionalArgs":["listen","config_dir","enable_output_schema_extensions","enable_output_generated_sdk"],"joinArgs":true,"shell":false,"port":9399} {"metadata":{"emulator":{"name":"dataconnect"},"message":"Starting SQL Connect Emulator with command {\"binary\":\"/Users/xiaosan/.cache/firebase/emulators/dataconnect-emulator-3.4.6\",\"args\":[\"--logtostderr\",\"-v=2\",\"dev\",\"--listen=localhost:50001\",\"--config_dir=/Volumes/MAC DATA/Study App/development/WebTinTuc/dataconnect\",\"--enable_output_schema_extensions=true\",\"--enable_output_generated_sdk=true\"],\"optionalArgs\":[\"listen\",\"config_dir\",\"enable_output_schema_extensions\",\"enable_output_generated_sdk\"],\"joinArgs\":true,\"shell\":false,\"port\":9399}"}}
[info] i  dataconnect: SQL Connect Emulator logging to dataconnect-debug.log {"metadata":{"emulator":{"name":"dataconnect"},"message":"SQL Connect Emulator logging to dataconnect-debug.log"}}
[debug] [2026-05-06T09:57:53.995Z] E0506 16:57:53.995305    3708 dev.go:83] Failed to load initial config from "/Volumes/MAC DATA/Study App/development/WebTinTuc/dataconnect": could not find dataconnect.yaml in `/Volumes/MAC DATA/Study App/development/WebTinTuc/dataconnect`
 {"metadata":{"emulator":{"name":"dataconnect"},"message":"E0506 16:57:53.995305    3708 dev.go:83] Failed to load initial config from \"/Volumes/MAC DATA/Study App/development/WebTinTuc/dataconnect\": could not find dataconnect.yaml in `/Volumes/MAC DATA/Study App/development/WebTinTuc/dataconnect`\n"}}
[debug] [2026-05-06T09:57:53.996Z] E0506 16:57:53.995728    3708 watch.go:116] watchAllDir unable to walk dir `/Volumes/MAC DATA/Study App/development/WebTinTuc/dataconnect`: lstat /Volumes/MAC DATA/Study App/development/WebTinTuc/dataconnect: no such file or directory
 {"metadata":{"emulator":{"name":"dataconnect"},"message":"E0506 16:57:53.995728    3708 watch.go:116] watchAllDir unable to walk dir `/Volumes/MAC DATA/Study App/development/WebTinTuc/dataconnect`: lstat /Volumes/MAC DATA/Study App/development/WebTinTuc/dataconnect: no such file or directory\n"}}
[debug] [2026-05-06T09:57:53.996Z] I0506 16:57:53.996604    3708 dev.go:104] Listening on address (HTTP + gRPC): 127.0.0.1:50001
 {"metadata":{"emulator":{"name":"dataconnect"},"message":"I0506 16:57:53.996604    3708 dev.go:104] Listening on address (HTTP + gRPC): 127.0.0.1:50001\n"}}
[debug] [2026-05-06T09:58:03.998Z] E0506 16:58:03.997647    3708 watch.go:40] Failed to load config from "/Volumes/MAC DATA/Study App/development/WebTinTuc/dataconnect": could not find dataconnect.yaml in `/Volumes/MAC DATA/Study App/development/WebTinTuc/dataconnect`
 {"metadata":{"emulator":{"name":"dataconnect"},"message":"E0506 16:58:03.997647    3708 watch.go:40] Failed to load config from \"/Volumes/MAC DATA/Study App/development/WebTinTuc/dataconnect\": could not find dataconnect.yaml in `/Volumes/MAC DATA/Study App/development/WebTinTuc/dataconnect`\n"}}
[debug] [2026-05-06T09:58:13.997Z] E0506 16:58:13.997135    3708 watch.go:40] Failed to load config from "/Volumes/MAC DATA/Study App/development/WebTinTuc/dataconnect": could not find dataconnect.yaml in `/Volumes/MAC DATA/Study App/development/WebTinTuc/dataconnect`
 {"metadata":{"emulator":{"name":"dataconnect"},"message":"E0506 16:58:13.997135    3708 watch.go:40] Failed to load config from \"/Volumes/MAC DATA/Study App/development/WebTinTuc/dataconnect\": could not find dataconnect.yaml in `/Volumes/MAC DATA/Study App/development/WebTinTuc/dataconnect`\n"}}
[error] [Firebase Plugin] error:  {}
[debug] [2026-05-06T09:58:23.997Z] E0506 16:58:23.997231    3708 watch.go:40] Failed to load config from "/Volumes/MAC DATA/Study App/development/WebTinTuc/dataconnect": could not find dataconnect.yaml in `/Volumes/MAC DATA/Study App/development/WebTinTuc/dataconnect`
 {"metadata":{"emulator":{"name":"dataconnect"},"message":"E0506 16:58:23.997231    3708 watch.go:40] Failed to load config from \"/Volumes/MAC DATA/Study App/development/WebTinTuc/dataconnect\": could not find dataconnect.yaml in `/Volumes/MAC DATA/Study App/development/WebTinTuc/dataconnect`\n"}}
[debug] [2026-05-06T09:58:33.998Z] E0506 16:58:33.997697    3708 watch.go:40] Failed to load config from "/Volumes/MAC DATA/Study App/development/WebTinTuc/dataconnect": could not find dataconnect.yaml in `/Volumes/MAC DATA/Study App/development/WebTinTuc/dataconnect`
 {"metadata":{"emulator":{"name":"dataconnect"},"message":"E0506 16:58:33.997697    3708 watch.go:40] Failed to load config from \"/Volumes/MAC DATA/Study App/development/WebTinTuc/dataconnect\": could not find dataconnect.yaml in `/Volumes/MAC DATA/Study App/development/WebTinTuc/dataconnect`\n"}}
[debug] [2026-05-06T09:58:43.997Z] E0506 16:58:43.997264    3708 watch.go:40] Failed to load config from "/Volumes/MAC DATA/Study App/development/WebTinTuc/dataconnect": could not find dataconnect.yaml in `/Volumes/MAC DATA/Study App/development/WebTinTuc/dataconnect`
 {"metadata":{"emulator":{"name":"dataconnect"},"message":"E0506 16:58:43.997264    3708 watch.go:40] Failed to load config from \"/Volumes/MAC DATA/Study App/development/WebTinTuc/dataconnect\": could not find dataconnect.yaml in `/Volumes/MAC DATA/Study App/development/WebTinTuc/dataconnect`\n"}}
[debug] [2026-05-06T09:58:53.998Z] E0506 16:58:53.997615    3708 watch.go:40] Failed to load config from "/Volumes/MAC DATA/Study App/development/WebTinTuc/dataconnect": could not find dataconnect.yaml in `/Volumes/MAC DATA/Study App/development/WebTinTuc/dataconnect`
E0506 16:58:53.997475    3708 watch.go:116] watchAllDir unable to walk dir `/Volumes/MAC DATA/Study App/development/WebTinTuc/dataconnect`: lstat /Volumes/MAC DATA/Study App/development/WebTinTuc/dataconnect: no such file or directory
 {"metadata":{"emulator":{"name":"dataconnect"},"message":"E0506 16:58:53.997615    3708 watch.go:40] Failed to load config from \"/Volumes/MAC DATA/Study App/development/WebTinTuc/dataconnect\": could not find dataconnect.yaml in `/Volumes/MAC DATA/Study App/development/WebTinTuc/dataconnect`\nE0506 16:58:53.997475    3708 watch.go:116] watchAllDir unable to walk dir `/Volumes/MAC DATA/Study App/development/WebTinTuc/dataconnect`: lstat /Volumes/MAC DATA/Study App/development/WebTinTuc/dataconnect: no such file or directory\n"}}
[debug] [2026-05-06T09:59:03.996Z] E0506 16:59:03.996581    3708 watch.go:40] Failed to load config from "/Volumes/MAC DATA/Study App/development/WebTinTuc/dataconnect": could not find dataconnect.yaml in `/Volumes/MAC DATA/Study App/development/WebTinTuc/dataconnect`
 {"metadata":{"emulator":{"name":"dataconnect"},"message":"E0506 16:59:03.996581    3708 watch.go:40] Failed to load config from \"/Volumes/MAC DATA/Study App/development/WebTinTuc/dataconnect\": could not find dataconnect.yaml in `/Volumes/MAC DATA/Study App/development/WebTinTuc/dataconnect`\n"}}
[debug] [2026-05-06T09:59:13.998Z] E0506 16:59:13.997953    3708 watch.go:40] Failed to load config from "/Volumes/MAC DATA/Study App/development/WebTinTuc/dataconnect": could not find dataconnect.yaml in `/Volumes/MAC DATA/Study App/development/WebTinTuc/dataconnect`
 {"metadata":{"emulator":{"name":"dataconnect"},"message":"E0506 16:59:13.997953    3708 watch.go:40] Failed to load config from \"/Volumes/MAC DATA/Study App/development/WebTinTuc/dataconnect\": could not find dataconnect.yaml in `/Volumes/MAC DATA/Study App/development/WebTinTuc/dataconnect`\n"}}
[debug] [2026-05-06T09:59:23.998Z] E0506 16:59:23.997720    3708 watch.go:40] Failed to load config from "/Volumes/MAC DATA/Study App/development/WebTinTuc/dataconnect": could not find dataconnect.yaml in `/Volumes/MAC DATA/Study App/development/WebTinTuc/dataconnect`
 {"metadata":{"emulator":{"name":"dataconnect"},"message":"E0506 16:59:23.997720    3708 watch.go:40] Failed to load config from \"/Volumes/MAC DATA/Study App/development/WebTinTuc/dataconnect\": could not find dataconnect.yaml in `/Volumes/MAC DATA/Study App/development/WebTinTuc/dataconnect`\n"}}
[debug] [2026-05-06T09:59:33.998Z] E0506 16:59:33.997966    3708 watch.go:40] Failed to load config from "/Volumes/MAC DATA/Study App/development/WebTinTuc/dataconnect": could not find dataconnect.yaml in `/Volumes/MAC DATA/Study App/development/WebTinTuc/dataconnect`
 {"metadata":{"emulator":{"name":"dataconnect"},"message":"E0506 16:59:33.997966    3708 watch.go:40] Failed to load config from \"/Volumes/MAC DATA/Study App/development/WebTinTuc/dataconnect\": could not find dataconnect.yaml in `/Volumes/MAC DATA/Study App/development/WebTinTuc/dataconnect`\n"}}
[debug] [2026-05-06T09:59:43.998Z] E0506 16:59:43.998032    3708 watch.go:40] Failed to load config from "/Volumes/MAC DATA/Study App/development/WebTinTuc/dataconnect": could not find dataconnect.yaml in `/Volumes/MAC DATA/Study App/development/WebTinTuc/dataconnect`
 {"metadata":{"emulator":{"name":"dataconnect"},"message":"E0506 16:59:43.998032    3708 watch.go:40] Failed to load config from \"/Volumes/MAC DATA/Study App/development/WebTinTuc/dataconnect\": could not find dataconnect.yaml in `/Volumes/MAC DATA/Study App/development/WebTinTuc/dataconnect`\n"}}
[debug] [2026-05-06T09:59:53.999Z] E0506 16:59:53.999098    3708 watch.go:40] Failed to load config from "/Volumes/MAC DATA/Study App/development/WebTinTuc/dataconnect": could not find dataconnect.yaml in `/Volumes/MAC DATA/Study App/development/WebTinTuc/dataconnect`
 {"metadata":{"emulator":{"name":"dataconnect"},"message":"E0506 16:59:53.999098    3708 watch.go:40] Failed to load config from \"/Volumes/MAC DATA/Study App/development/WebTinTuc/dataconnect\": could not find dataconnect.yaml in `/Volumes/MAC DATA/Study App/development/WebTinTuc/dataconnect`\n"}}
[debug] [2026-05-06T09:59:54.000Z] E0506 16:59:53.999176    3708 watch.go:116] watchAllDir unable to walk dir `/Volumes/MAC DATA/Study App/development/WebTinTuc/dataconnect`: lstat /Volumes/MAC DATA/Study App/development/WebTinTuc/dataconnect: no such file or directory
 {"metadata":{"emulator":{"name":"dataconnect"},"message":"E0506 16:59:53.999176    3708 watch.go:116] watchAllDir unable to walk dir `/Volumes/MAC DATA/Study App/development/WebTinTuc/dataconnect`: lstat /Volumes/MAC DATA/Study App/development/WebTinTuc/dataconnect: no such file or directory\n"}}
[debug] [2026-05-06T10:00:03.998Z] E0506 17:00:03.998113    3708 watch.go:40] Failed to load config from "/Volumes/MAC DATA/Study App/development/WebTinTuc/dataconnect": could not find dataconnect.yaml in `/Volumes/MAC DATA/Study App/development/WebTinTuc/dataconnect`
 {"metadata":{"emulator":{"name":"dataconnect"},"message":"E0506 17:00:03.998113    3708 watch.go:40] Failed to load config from \"/Volumes/MAC DATA/Study App/development/WebTinTuc/dataconnect\": could not find dataconnect.yaml in `/Volumes/MAC DATA/Study App/development/WebTinTuc/dataconnect`\n"}}
[debug] [2026-05-06T10:00:13.998Z] E0506 17:00:13.998169    3708 watch.go:40] Failed to load config from "/Volumes/MAC DATA/Study App/development/WebTinTuc/dataconnect": could not find dataconnect.yaml in `/Volumes/MAC DATA/Study App/development/WebTinTuc/dataconnect`
 {"metadata":{"emulator":{"name":"dataconnect"},"message":"E0506 17:00:13.998169    3708 watch.go:40] Failed to load config from \"/Volumes/MAC DATA/Study App/development/WebTinTuc/dataconnect\": could not find dataconnect.yaml in `/Volumes/MAC DATA/Study App/development/WebTinTuc/dataconnect`\n"}}
[debug] [2026-05-06T10:00:23.998Z] E0506 17:00:23.997997    3708 watch.go:40] Failed to load config from "/Volumes/MAC DATA/Study App/development/WebTinTuc/dataconnect": could not find dataconnect.yaml in `/Volumes/MAC DATA/Study App/development/WebTinTuc/dataconnect`
 {"metadata":{"emulator":{"name":"dataconnect"},"message":"E0506 17:00:23.997997    3708 watch.go:40] Failed to load config from \"/Volumes/MAC DATA/Study App/development/WebTinTuc/dataconnect\": could not find dataconnect.yaml in `/Volumes/MAC DATA/Study App/development/WebTinTuc/dataconnect`\n"}}
[debug] [2026-05-06T10:00:33.998Z] E0506 17:00:33.998268    3708 watch.go:40] Failed to load config from "/Volumes/MAC DATA/Study App/development/WebTinTuc/dataconnect": could not find dataconnect.yaml in `/Volumes/MAC DATA/Study App/development/WebTinTuc/dataconnect`
 {"metadata":{"emulator":{"name":"dataconnect"},"message":"E0506 17:00:33.998268    3708 watch.go:40] Failed to load config from \"/Volumes/MAC DATA/Study App/development/WebTinTuc/dataconnect\": could not find dataconnect.yaml in `/Volumes/MAC DATA/Study App/development/WebTinTuc/dataconnect`\n"}}
[debug] [2026-05-06T10:00:43.998Z] E0506 17:00:43.998514    3708 watch.go:40] Failed to load config from "/Volumes/MAC DATA/Study App/development/WebTinTuc/dataconnect": could not find dataconnect.yaml in `/Volumes/MAC DATA/Study App/development/WebTinTuc/dataconnect`
 {"metadata":{"emulator":{"name":"dataconnect"},"message":"E0506 17:00:43.998514    3708 watch.go:40] Failed to load config from \"/Volumes/MAC DATA/Study App/development/WebTinTuc/dataconnect\": could not find dataconnect.yaml in `/Volumes/MAC DATA/Study App/development/WebTinTuc/dataconnect`\n"}}
[debug] [2026-05-06T10:00:53.997Z] E0506 17:00:53.997407    3708 watch.go:116] watchAllDir unable to walk dir `/Volumes/MAC DATA/Study App/development/WebTinTuc/dataconnect`: lstat /Volumes/MAC DATA/Study App/development/WebTinTuc/dataconnect: no such file or directory
E0506 17:00:53.997554    3708 watch.go:40] Failed to load config from "/Volumes/MAC DATA/Study App/development/WebTinTuc/dataconnect": could not find dataconnect.yaml in `/Volumes/MAC DATA/Study App/development/WebTinTuc/dataconnect`
 {"metadata":{"emulator":{"name":"dataconnect"},"message":"E0506 17:00:53.997407    3708 watch.go:116] watchAllDir unable to walk dir `/Volumes/MAC DATA/Study App/development/WebTinTuc/dataconnect`: lstat /Volumes/MAC DATA/Study App/development/WebTinTuc/dataconnect: no such file or directory\nE0506 17:00:53.997554    3708 watch.go:40] Failed to load config from \"/Volumes/MAC DATA/Study App/development/WebTinTuc/dataconnect\": could not find dataconnect.yaml in `/Volumes/MAC DATA/Study App/development/WebTinTuc/dataconnect`\n"}}
[debug] [2026-05-06T10:01:03.998Z] E0506 17:01:03.998385    3708 watch.go:40] Failed to load config from "/Volumes/MAC DATA/Study App/development/WebTinTuc/dataconnect": could not find dataconnect.yaml in `/Volumes/MAC DATA/Study App/development/WebTinTuc/dataconnect`
 {"metadata":{"emulator":{"name":"dataconnect"},"message":"E0506 17:01:03.998385    3708 watch.go:40] Failed to load config from \"/Volumes/MAC DATA/Study App/development/WebTinTuc/dataconnect\": could not find dataconnect.yaml in `/Volumes/MAC DATA/Study App/development/WebTinTuc/dataconnect`\n"}}
[info] [Firebase Plugin] Stopping SQL Connect toolkit
